[detector] dataset=C:\Users\awaiz\OneDrive\Desktop\Dapper\real_validation\data\coco_val2017.yaml images=5000 device=cuda:0 imgsz=640 conf=0.25 iou=0.7
  [local:yolo11n.pt] 500/5000 (24.7 img/s)
  [local:yolo11n.pt] 1000/5000 (24.3 img/s)
  [local:yolo11n.pt] 1500/5000 (24.3 img/s)
  [local:yolo11n.pt] 2000/5000 (24.2 img/s)
  [local:yolo11n.pt] 2500/5000 (24.0 img/s)
  [local:yolo11n.pt] 3000/5000 (24.0 img/s)
  [local:yolo11n.pt] 3500/5000 (24.2 img/s)
  [local:yolo11n.pt] 4000/5000 (24.1 img/s)
  [local:yolo11n.pt] 4500/5000 (24.2 img/s)
  [local:yolo11n.pt] 5000/5000 (24.2 img/s)
  [remote:yolo11m.pt] 500/5000 (38.5 img/s)
  [remote:yolo11m.pt] 1000/5000 (44.0 img/s)
  [remote:yolo11m.pt] 1500/5000 (44.5 img/s)
  [remote:yolo11m.pt] 2000/5000 (44.6 img/s)
  [remote:yolo11m.pt] 2500/5000 (46.5 img/s)
  [remote:yolo11m.pt] 3000/5000 (48.0 img/s)
  [remote:yolo11m.pt] 3500/5000 (48.7 img/s)
  [remote:yolo11m.pt] 4000/5000 (47.8 img/s)
  [remote:yolo11m.pt] 4500/5000 (47.4 img/s)
  [remote:yolo11m.pt] 5000/5000 (46.5 img/s)
[detector] additionally timing 250 images on CPU
[detector] wrote C:\Users\awaiz\OneDrive\Desktop\Dapper\real_validation\detector_results.parquet (10500 rows)
